[2026-05-08T09:18:03.535+0000] {local_task_job_runner.py:120} INFO - ::group::Pre task execution logs
[2026-05-08T09:18:03.558+0000] {taskinstance.py:2076} INFO - Dependencies all met for dep_context=non-requeueable deps ti=<TaskInstance: simple_etl_pipeline.load manual__2026-05-08T09:17:55.366484+00:00 [queued]>
[2026-05-08T09:18:03.575+0000] {taskinstance.py:2076} INFO - Dependencies all met for dep_context=requeueable deps ti=<TaskInstance: simple_etl_pipeline.load manual__2026-05-08T09:17:55.366484+00:00 [queued]>
[2026-05-08T09:18:03.576+0000] {taskinstance.py:2306} INFO - Starting attempt 1 of 1
[2026-05-08T09:18:03.598+0000] {taskinstance.py:2330} INFO - Executing <Task(PythonOperator): load> on 2026-05-08 09:17:55.366484+00:00
[2026-05-08T09:18:03.606+0000] {warnings.py:110} WARNING - /home/***/.local/lib/python3.12/site-packages/***/task/task_runner/standard_task_runner.py:61: DeprecationWarning: This process (pid=2553) is multi-threaded, use of fork() may lead to deadlocks in the child.
  pid = os.fork()

[2026-05-08T09:18:03.608+0000] {standard_task_runner.py:63} INFO - Started process 2555 to run task
[2026-05-08T09:18:03.608+0000] {standard_task_runner.py:90} INFO - Running: ['***', 'tasks', 'run', 'simple_etl_pipeline', 'load', 'manual__2026-05-08T09:17:55.366484+00:00', '--job-id', '19', '--raw', '--subdir', 'DAGS_FOLDER/etl_pipeline.py', '--cfg-path', '/tmp/tmpm2p18a5x']
[2026-05-08T09:18:03.610+0000] {standard_task_runner.py:91} INFO - Job 19: Subtask load
[2026-05-08T09:18:03.666+0000] {task_command.py:426} INFO - Running <TaskInstance: simple_etl_pipeline.load manual__2026-05-08T09:17:55.366484+00:00 [running]> on host 114c391cc611
[2026-05-08T09:18:03.758+0000] {taskinstance.py:2648} INFO - Exporting env vars: AIRFLOW_CTX_DAG_OWNER='***' AIRFLOW_CTX_DAG_ID='simple_etl_pipeline' AIRFLOW_CTX_TASK_ID='load' AIRFLOW_CTX_EXECUTION_DATE='2026-05-08T09:17:55.366484+00:00' AIRFLOW_CTX_TRY_NUMBER='1' AIRFLOW_CTX_DAG_RUN_ID='manual__2026-05-08T09:17:55.366484+00:00'
[2026-05-08T09:18:03.760+0000] {taskinstance.py:430} INFO - ::endgroup::
[2026-05-08T09:18:03.948+0000] {logging_mixin.py:188} INFO - Data Loaded into PostgreSQL
[2026-05-08T09:18:03.952+0000] {python.py:237} INFO - Done. Returned value was: None
[2026-05-08T09:18:03.958+0000] {taskinstance.py:441} INFO - ::group::Post task execution logs
[2026-05-08T09:18:03.978+0000] {taskinstance.py:1206} INFO - Marking task as SUCCESS. dag_id=simple_etl_pipeline, task_id=load, run_id=manual__2026-05-08T09:17:55.366484+00:00, execution_date=20260508T091755, start_date=20260508T091803, end_date=20260508T091803
[2026-05-08T09:18:04.026+0000] {local_task_job_runner.py:240} INFO - Task exited with return code 0
[2026-05-08T09:18:04.045+0000] {taskinstance.py:3498} INFO - 0 downstream tasks scheduled from follow-on schedule check
[2026-05-08T09:18:04.052+0000] {local_task_job_runner.py:222} INFO - ::endgroup::
