[2026-05-08T08:15:44.563+0000] {local_task_job_runner.py:120} INFO - ::group::Pre task execution logs
[2026-05-08T08:15:44.578+0000] {taskinstance.py:2076} INFO - Dependencies all met for dep_context=non-requeueable deps ti=<TaskInstance: simple_etl_pipeline.transform manual__2026-05-08T08:15:41.109927+00:00 [queued]>
[2026-05-08T08:15:44.583+0000] {taskinstance.py:2076} INFO - Dependencies all met for dep_context=requeueable deps ti=<TaskInstance: simple_etl_pipeline.transform manual__2026-05-08T08:15:41.109927+00:00 [queued]>
[2026-05-08T08:15:44.585+0000] {taskinstance.py:2306} INFO - Starting attempt 1 of 1
[2026-05-08T08:15:44.595+0000] {taskinstance.py:2330} INFO - Executing <Task(PythonOperator): transform> on 2026-05-08 08:15:41.109927+00:00
[2026-05-08T08:15:44.601+0000] {warnings.py:110} WARNING - /home/***/.local/lib/python3.12/site-packages/***/task/task_runner/standard_task_runner.py:61: DeprecationWarning: This process (pid=1876) is multi-threaded, use of fork() may lead to deadlocks in the child.
  pid = os.fork()

[2026-05-08T08:15:44.602+0000] {standard_task_runner.py:63} INFO - Started process 1878 to run task
[2026-05-08T08:15:44.602+0000] {standard_task_runner.py:90} INFO - Running: ['***', 'tasks', 'run', 'simple_etl_pipeline', 'transform', 'manual__2026-05-08T08:15:41.109927+00:00', '--job-id', '15', '--raw', '--subdir', 'DAGS_FOLDER/etl_pipeline.py', '--cfg-path', '/tmp/tmpkx9ck6ls']
[2026-05-08T08:15:44.603+0000] {standard_task_runner.py:91} INFO - Job 15: Subtask transform
[2026-05-08T08:15:44.647+0000] {task_command.py:426} INFO - Running <TaskInstance: simple_etl_pipeline.transform manual__2026-05-08T08:15:41.109927+00:00 [running]> on host 114c391cc611
[2026-05-08T08:15:44.736+0000] {taskinstance.py:2648} INFO - Exporting env vars: AIRFLOW_CTX_DAG_OWNER='***' AIRFLOW_CTX_DAG_ID='simple_etl_pipeline' AIRFLOW_CTX_TASK_ID='transform' AIRFLOW_CTX_EXECUTION_DATE='2026-05-08T08:15:41.109927+00:00' AIRFLOW_CTX_TRY_NUMBER='1' AIRFLOW_CTX_DAG_RUN_ID='manual__2026-05-08T08:15:41.109927+00:00'
[2026-05-08T08:15:44.739+0000] {taskinstance.py:430} INFO - ::endgroup::
[2026-05-08T08:15:44.756+0000] {logging_mixin.py:188} INFO - Data Transformed
[2026-05-08T08:15:44.756+0000] {python.py:237} INFO - Done. Returned value was: None
[2026-05-08T08:15:44.757+0000] {taskinstance.py:441} INFO - ::group::Post task execution logs
[2026-05-08T08:15:44.765+0000] {taskinstance.py:1206} INFO - Marking task as SUCCESS. dag_id=simple_etl_pipeline, task_id=transform, run_id=manual__2026-05-08T08:15:41.109927+00:00, execution_date=20260508T081541, start_date=20260508T081544, end_date=20260508T081544
[2026-05-08T08:15:44.817+0000] {local_task_job_runner.py:240} INFO - Task exited with return code 0
[2026-05-08T08:15:44.834+0000] {taskinstance.py:3498} INFO - 1 downstream tasks scheduled from follow-on schedule check
[2026-05-08T08:15:44.838+0000] {local_task_job_runner.py:222} INFO - ::endgroup::
