[2026-05-10T03:43:48.290+0000] {local_task_job_runner.py:120} INFO - ::group::Pre task execution logs
[2026-05-10T03:43:48.316+0000] {taskinstance.py:2076} INFO - Dependencies all met for dep_context=non-requeueable deps ti=<TaskInstance: simple_etl_pipeline.transform scheduled__2026-05-09T00:00:00+00:00 [queued]>
[2026-05-10T03:43:48.326+0000] {taskinstance.py:2076} INFO - Dependencies all met for dep_context=requeueable deps ti=<TaskInstance: simple_etl_pipeline.transform scheduled__2026-05-09T00:00:00+00:00 [queued]>
[2026-05-10T03:43:48.327+0000] {taskinstance.py:2306} INFO - Starting attempt 1 of 1
[2026-05-10T03:43:48.347+0000] {taskinstance.py:2330} INFO - Executing <Task(PythonOperator): transform> on 2026-05-09 00:00:00+00:00
[2026-05-10T03:43:48.356+0000] {warnings.py:110} WARNING - /home/***/.local/lib/python3.12/site-packages/***/task/task_runner/standard_task_runner.py:61: DeprecationWarning: This process (pid=74) is multi-threaded, use of fork() may lead to deadlocks in the child.
  pid = os.fork()

[2026-05-10T03:43:48.358+0000] {standard_task_runner.py:90} INFO - Running: ['***', 'tasks', 'run', 'simple_etl_pipeline', 'transform', 'scheduled__2026-05-09T00:00:00+00:00', '--job-id', '65', '--raw', '--subdir', 'DAGS_FOLDER/etl_pipeline.py', '--cfg-path', '/tmp/tmp87kle4cw']
[2026-05-10T03:43:48.358+0000] {standard_task_runner.py:63} INFO - Started process 76 to run task
[2026-05-10T03:43:48.359+0000] {standard_task_runner.py:91} INFO - Job 65: Subtask transform
[2026-05-10T03:43:48.410+0000] {task_command.py:426} INFO - Running <TaskInstance: simple_etl_pipeline.transform scheduled__2026-05-09T00:00:00+00:00 [running]> on host 114c391cc611
[2026-05-10T03:43:48.498+0000] {taskinstance.py:2648} INFO - Exporting env vars: AIRFLOW_CTX_DAG_OWNER='***' AIRFLOW_CTX_DAG_ID='simple_etl_pipeline' AIRFLOW_CTX_TASK_ID='transform' AIRFLOW_CTX_EXECUTION_DATE='2026-05-09T00:00:00+00:00' AIRFLOW_CTX_TRY_NUMBER='1' AIRFLOW_CTX_DAG_RUN_ID='scheduled__2026-05-09T00:00:00+00:00'
[2026-05-10T03:43:48.500+0000] {taskinstance.py:430} INFO - ::endgroup::
[2026-05-10T03:43:48.522+0000] {logging_mixin.py:188} INFO - Data Transformed
[2026-05-10T03:43:48.524+0000] {python.py:237} INFO - Done. Returned value was: None
[2026-05-10T03:43:48.525+0000] {taskinstance.py:441} INFO - ::group::Post task execution logs
[2026-05-10T03:43:48.539+0000] {taskinstance.py:1206} INFO - Marking task as SUCCESS. dag_id=simple_etl_pipeline, task_id=transform, run_id=scheduled__2026-05-09T00:00:00+00:00, execution_date=20260509T000000, start_date=20260510T034348, end_date=20260510T034348
[2026-05-10T03:43:48.574+0000] {local_task_job_runner.py:240} INFO - Task exited with return code 0
[2026-05-10T03:43:48.595+0000] {taskinstance.py:3498} INFO - 1 downstream tasks scheduled from follow-on schedule check
[2026-05-10T03:43:48.598+0000] {local_task_job_runner.py:222} INFO - ::endgroup::
