[2026-05-09T04:36:30.420+0000] {local_task_job_runner.py:120} INFO - ::group::Pre task execution logs
[2026-05-09T04:36:30.436+0000] {taskinstance.py:2076} INFO - Dependencies all met for dep_context=non-requeueable deps ti=<TaskInstance: simple_etl_pipeline.extract scheduled__2026-05-08T00:00:00+00:00 [queued]>
[2026-05-09T04:36:30.442+0000] {taskinstance.py:2076} INFO - Dependencies all met for dep_context=requeueable deps ti=<TaskInstance: simple_etl_pipeline.extract scheduled__2026-05-08T00:00:00+00:00 [queued]>
[2026-05-09T04:36:30.443+0000] {taskinstance.py:2306} INFO - Starting attempt 1 of 1
[2026-05-09T04:36:30.453+0000] {taskinstance.py:2330} INFO - Executing <Task(PythonOperator): extract> on 2026-05-08 00:00:00+00:00
[2026-05-09T04:36:30.459+0000] {warnings.py:110} WARNING - /home/***/.local/lib/python3.12/site-packages/***/task/task_runner/standard_task_runner.py:61: DeprecationWarning: This process (pid=64) is multi-threaded, use of fork() may lead to deadlocks in the child.
  pid = os.fork()

[2026-05-09T04:36:30.461+0000] {standard_task_runner.py:63} INFO - Started process 66 to run task
[2026-05-09T04:36:30.460+0000] {standard_task_runner.py:90} INFO - Running: ['***', 'tasks', 'run', 'simple_etl_pipeline', 'extract', 'scheduled__2026-05-08T00:00:00+00:00', '--job-id', '22', '--raw', '--subdir', 'DAGS_FOLDER/etl_pipeline.py', '--cfg-path', '/tmp/tmpesn7qi3k']
[2026-05-09T04:36:30.461+0000] {standard_task_runner.py:91} INFO - Job 22: Subtask extract
[2026-05-09T04:36:30.496+0000] {task_command.py:426} INFO - Running <TaskInstance: simple_etl_pipeline.extract scheduled__2026-05-08T00:00:00+00:00 [running]> on host 114c391cc611
[2026-05-09T04:36:30.557+0000] {taskinstance.py:2648} INFO - Exporting env vars: AIRFLOW_CTX_DAG_OWNER='***' AIRFLOW_CTX_DAG_ID='simple_etl_pipeline' AIRFLOW_CTX_TASK_ID='extract' AIRFLOW_CTX_EXECUTION_DATE='2026-05-08T00:00:00+00:00' AIRFLOW_CTX_TRY_NUMBER='1' AIRFLOW_CTX_DAG_RUN_ID='scheduled__2026-05-08T00:00:00+00:00'
[2026-05-09T04:36:30.559+0000] {taskinstance.py:430} INFO - ::endgroup::
[2026-05-09T04:36:30.570+0000] {logging_mixin.py:188} INFO - Data Extracted
[2026-05-09T04:36:30.571+0000] {python.py:237} INFO - Done. Returned value was: None
[2026-05-09T04:36:30.571+0000] {taskinstance.py:441} INFO - ::group::Post task execution logs
[2026-05-09T04:36:30.578+0000] {taskinstance.py:1206} INFO - Marking task as SUCCESS. dag_id=simple_etl_pipeline, task_id=extract, run_id=scheduled__2026-05-08T00:00:00+00:00, execution_date=20260508T000000, start_date=20260509T043630, end_date=20260509T043630
[2026-05-09T04:36:30.594+0000] {local_task_job_runner.py:240} INFO - Task exited with return code 0
[2026-05-09T04:36:30.610+0000] {taskinstance.py:3498} INFO - 1 downstream tasks scheduled from follow-on schedule check
[2026-05-09T04:36:30.613+0000] {local_task_job_runner.py:222} INFO - ::endgroup::
