[2026-05-08T08:07:11.178+0000] {local_task_job_runner.py:120} INFO - ::group::Pre task execution logs
[2026-05-08T08:07:11.194+0000] {taskinstance.py:2076} INFO - Dependencies all met for dep_context=non-requeueable deps ti=<TaskInstance: conditional_dataset_and_time_based_timetable.conditional_dataset_and_time_based_timetable scheduled__2026-05-06T01:00:00+00:00 [queued]>
[2026-05-08T08:07:11.200+0000] {taskinstance.py:2076} INFO - Dependencies all met for dep_context=requeueable deps ti=<TaskInstance: conditional_dataset_and_time_based_timetable.conditional_dataset_and_time_based_timetable scheduled__2026-05-06T01:00:00+00:00 [queued]>
[2026-05-08T08:07:11.202+0000] {taskinstance.py:2306} INFO - Starting attempt 1 of 1
[2026-05-08T08:07:11.212+0000] {taskinstance.py:2330} INFO - Executing <Task(BashOperator): conditional_dataset_and_time_based_timetable> on 2026-05-06 01:00:00+00:00
[2026-05-08T08:07:11.217+0000] {warnings.py:110} WARNING - /home/***/.local/lib/python3.12/site-packages/***/task/task_runner/standard_task_runner.py:61: DeprecationWarning: This process (pid=1748) is multi-threaded, use of fork() may lead to deadlocks in the child.
  pid = os.fork()

[2026-05-08T08:07:11.219+0000] {standard_task_runner.py:63} INFO - Started process 1753 to run task
[2026-05-08T08:07:11.219+0000] {standard_task_runner.py:90} INFO - Running: ['***', 'tasks', 'run', 'conditional_dataset_and_time_based_timetable', 'conditional_dataset_and_time_based_timetable', 'scheduled__2026-05-06T01:00:00+00:00', '--job-id', '11', '--raw', '--subdir', '/home/***/.local/lib/python3.12/site-packages/***/example_dags/example_datasets.py', '--cfg-path', '/tmp/tmpfwxdnf_p']
[2026-05-08T08:07:11.221+0000] {standard_task_runner.py:91} INFO - Job 11: Subtask conditional_dataset_and_time_based_timetable
[2026-05-08T08:07:11.276+0000] {task_command.py:426} INFO - Running <TaskInstance: conditional_dataset_and_time_based_timetable.conditional_dataset_and_time_based_timetable scheduled__2026-05-06T01:00:00+00:00 [running]> on host 114c391cc611
[2026-05-08T08:07:11.359+0000] {taskinstance.py:2648} INFO - Exporting env vars: AIRFLOW_CTX_DAG_OWNER='***' AIRFLOW_CTX_DAG_ID='conditional_dataset_and_time_based_timetable' AIRFLOW_CTX_TASK_ID='conditional_dataset_and_time_based_timetable' AIRFLOW_CTX_EXECUTION_DATE='2026-05-06T01:00:00+00:00' AIRFLOW_CTX_TRY_NUMBER='1' AIRFLOW_CTX_DAG_RUN_ID='scheduled__2026-05-06T01:00:00+00:00'
[2026-05-08T08:07:11.366+0000] {taskinstance.py:430} INFO - ::endgroup::
[2026-05-08T08:07:11.369+0000] {subprocess.py:63} INFO - Tmp dir root location: /tmp
[2026-05-08T08:07:11.370+0000] {subprocess.py:75} INFO - Running command: ['/usr/bin/bash', '-c', 'sleep 5']
[2026-05-08T08:07:11.383+0000] {subprocess.py:86} INFO - Output:
[2026-05-08T08:07:16.385+0000] {subprocess.py:97} INFO - Command exited with return code 0
[2026-05-08T08:07:16.386+0000] {taskinstance.py:441} INFO - ::group::Post task execution logs
[2026-05-08T08:07:16.400+0000] {warnings.py:110} WARNING - /home/***/.local/lib/python3.12/site-packages/***/models/baseoperator.py:1564: RemovedInAirflow3Warning: Passing 'execution_date' to 'TaskInstance.xcom_push()' is deprecated.
  context["ti"].xcom_push(key=key, value=value, execution_date=execution_date)

[2026-05-08T08:07:16.413+0000] {taskinstance.py:1206} INFO - Marking task as SUCCESS. dag_id=conditional_dataset_and_time_based_timetable, task_id=conditional_dataset_and_time_based_timetable, run_id=scheduled__2026-05-06T01:00:00+00:00, execution_date=20260506T010000, start_date=20260508T080711, end_date=20260508T080716
[2026-05-08T08:07:16.464+0000] {local_task_job_runner.py:240} INFO - Task exited with return code 0
[2026-05-08T08:07:16.477+0000] {taskinstance.py:3498} INFO - 0 downstream tasks scheduled from follow-on schedule check
[2026-05-08T08:07:16.480+0000] {local_task_job_runner.py:222} INFO - ::endgroup::
